"/wiki/about" "/wiki/About/";
"/wiki/advanced_documentation" "/wiki/Advanced_Documentation/";
"/wiki/advanced_host_security" "/wiki/Advanced_Host_Security/";
"/wiki/advanced_security_guide_introduction" "/wiki/Advanced_Security_Guide_Introduction/";
"/wiki/advanced_users" "/wiki/Advanced_Users/";
"/wiki/aem" "/wiki/AEM/";
"/wiki/age-api" "/wiki/Age-api/";
"/wiki/ai_agents_blocking" "/wiki/AI_Agents_Blocking/";
"/wiki/air_gapped_openpgp_key" "/wiki/Air_Gapped_OpenPGP_Key/";
"/wiki/anbox" "/wiki/Anbox/";
"/wiki/android" "/wiki/Android/";
"/wiki/anon_connection_wizard" "/wiki/Anon_Connection_Wizard/";
"/wiki/anondate" "/wiki/Anondate/";
"/wiki/anti-forensics_precautions" "/wiki/Anti-Forensics_Precautions/";
"/wiki/api" "/wiki/API/";
"/wiki/apparmor-profile-everything" "/wiki/Apparmor-profile-everything/";
"/wiki/apparmor.d" "/wiki/Apparmor.d/";
"/wiki/apparmor" "/wiki/AppArmor/";
"/wiki/append-once" "/wiki/Append-once/";
"/wiki/apt-file" "/wiki/Apt-file/";
"/wiki/apt_repository" "/wiki/APT_Repository/";
"/wiki/architecture_support" "/wiki/Architecture_Support/";
"/wiki/arm64" "/wiki/ARM64/";
"/wiki/art_gallery" "/wiki/Art_Gallery/";
"/wiki/artificial_intelligence" "/wiki/Artificial_intelligence/";
"/wiki/authenticode" "/wiki/Authenticode/";
"/wiki/avoid_nonfreedom_software" "/wiki/Avoid_nonfreedom_software/";
"/wiki/backdoor" "/wiki/Backdoor/";
"/wiki/backlogged" "/wiki/Backlogged/";
"/wiki/backup" "/wiki/Backup/";
"/wiki/backupscript" "/wiki/BackupScript/";
