"/wiki/about/" "/wiki/About/";
"/wiki/advanced_documentation/" "/wiki/Advanced_Documentation/";
"/wiki/advanced_host_security/" "/wiki/Advanced_Host_Security/";
"/wiki/advanced_security_guide_introduction/" "/wiki/Advanced_Security_Guide_Introduction/";
"/wiki/advanced_users/" "/wiki/Advanced_Users/";
"/wiki/aem/" "/wiki/AEM/";
"/wiki/age-api/" "/wiki/Age-api/";
"/wiki/ai_agents_blocking/" "/wiki/AI_Agents_Blocking/";
"/wiki/air_gapped_openpgp_key/" "/wiki/Air_Gapped_OpenPGP_Key/";
"/wiki/anbox/" "/wiki/Anbox/";
"/wiki/android/" "/wiki/Android/";
"/wiki/anon_connection_wizard/" "/wiki/Anon_Connection_Wizard/";
"/wiki/anondate/" "/wiki/Anondate/";
"/wiki/anti-forensics_precautions/" "/wiki/Anti-Forensics_Precautions/";
"/wiki/api/" "/wiki/API/";
"/wiki/apparmor-profile-everything/" "/wiki/Apparmor-profile-everything/";
"/wiki/apparmor.d/" "/wiki/Apparmor.d/";
"/wiki/apparmor/" "/wiki/AppArmor/";
"/wiki/append-once/" "/wiki/Append-once/";
"/wiki/apt-file/" "/wiki/Apt-file/";
"/wiki/apt_repository/" "/wiki/APT_Repository/";
"/wiki/architecture_support/" "/wiki/Architecture_Support/";
"/wiki/arm64/" "/wiki/ARM64/";
"/wiki/art_gallery/" "/wiki/Art_Gallery/";
"/wiki/artificial_intelligence/" "/wiki/Artificial_intelligence/";
"/wiki/authenticode/" "/wiki/Authenticode/";
"/wiki/avoid_nonfreedom_software/" "/wiki/Avoid_nonfreedom_software/";
"/wiki/backdoor/" "/wiki/Backdoor/";
"/wiki/backlogged/" "/wiki/Backlogged/";
"/wiki/backup/" "/wiki/Backup/";
"/wiki/backup_vms/" "/wiki/Backup_VMs/";
"/wiki/backupscript/" "/wiki/BackupScript/";
"/wiki/badtitle/" "/wiki/Badtitle/";
"/wiki/based_on_debian/" "/wiki/Based_on_Debian/";
"/wiki/based_on_kicksecure/" "/wiki/Based_on_Kicksecure/";
"/wiki/basic_security_guide_introduction/" "/wiki/Basic_Security_Guide_Introduction/";
"/wiki/binary_build_locations/" "/wiki/Binary_Build_Locations/";
"/wiki/bitcoin/" "/wiki/Bitcoin/";
"/wiki/bitcoin_core/" "/wiki/Bitcoin_Core/";
"/wiki/boot_clock_randomization/" "/wiki/Boot_Clock_Randomization/";
"/wiki/boot_firmware/" "/wiki/Boot_firmware/";
"/wiki/brave_browser/" "/wiki/Brave_Browser/";
"/wiki/bridges/" "/wiki/Bridges/";
"/wiki/broken_boot/" "/wiki/Broken_Boot/";
"/wiki/browser-choice/" "/wiki/Browser-choice/";
"/wiki/browser/" "/wiki/Browser/";
"/wiki/browser_tests/" "/wiki/Browser_Tests/";
"/wiki/build_configuration/" "/wiki/Build_Configuration/";
"/wiki/census/" "/wiki/Census/";
"/wiki/changelog/" "/wiki/Changelog/";
"/wiki/chat/" "/wiki/Chat/";
"/wiki/chmod-calc/" "/wiki/Chmod-calc/";
"/wiki/chrome/" "/wiki/Chrome/";
"/wiki/chromium/" "/wiki/Chromium/";
"/wiki/chroot/" "/wiki/Chroot/";
"/wiki/cold_boot_attack_defense/" "/wiki/Cold_Boot_Attack_Defense/";
"/wiki/command-not-found/" "/wiki/Command-not-found/";
"/wiki/common_cli_commands/" "/wiki/Common_CLI_Commands/";
"/wiki/community_support/" "/wiki/Community_Support/";
"/wiki/comparison_of_hardware_wallets/" "/wiki/Comparison_of_Hardware_Wallets/";
"/wiki/comparison_with_others/" "/wiki/Comparison_with_Others/";
"/wiki/computer_security_introduction/" "/wiki/Computer_Security_Introduction/";
"/wiki/configuration_files/" "/wiki/Configuration_Files/";
"/wiki/contact/" "/wiki/Contact/";
"/wiki/contribute/" "/wiki/Contribute/";
"/wiki/contributors/" "/wiki/Contributors/";
"/wiki/cookie_policy/" "/wiki/Cookie_Policy/";
"/wiki/copy.fail/" "/wiki/Copy.fail/";
"/wiki/copyright/" "/wiki/Copyright/";
"/wiki/core_dumps/" "/wiki/Core_Dumps/";
"/wiki/cpuid/" "/wiki/CPUID/";
"/wiki/credits/" "/wiki/Credits/";
"/wiki/cryptocurrency_security_threats/" "/wiki/Cryptocurrency_Security_Threats/";
"/wiki/debian/" "/wiki/Debian/";
"/wiki/debian_packages/" "/wiki/Debian_Packages/";
"/wiki/debian_tips/" "/wiki/Debian_Tips/";
"/wiki/debug-misc/" "/wiki/Debug-misc/";
"/wiki/decentralization/" "/wiki/Decentralization/";
"/wiki/declined/" "/wiki/Declined/";
"/wiki/deep_scan_ready/" "/wiki/Deep_scan_ready/";
"/wiki/default_passwords/" "/wiki/Default_Passwords/";
"/wiki/deprecated/" "/wiki/Deprecated/";
"/wiki/derivatives/" "/wiki/Derivatives/";
"/wiki/design/" "/wiki/Design/";
"/wiki/desktop/" "/wiki/Desktop/";
"/wiki/dev/about_computer_insecurity/" "/wiki/Dev/About_Computer_Insecurity/";
"/wiki/dev/about_debian_packaging/" "/wiki/Dev/About_Debian_Packaging/";
"/wiki/dev/about_infrastructure/" "/wiki/Dev/About_Infrastructure/";
"/wiki/dev/apt-revoker/" "/wiki/Dev/apt-revoker/";
"/wiki/dev/apt/" "/wiki/Dev/APT/";
"/wiki/dev/apt_pinning/" "/wiki/Dev/APT_Pinning/";
"/wiki/dev/apt_repository/" "/wiki/Dev/APT_Repository/";
"/wiki/dev/astra_linux/" "/wiki/Dev/Astra_Linux/";
"/wiki/dev/audio/" "/wiki/Dev/audio/";
"/wiki/dev/automatic_updates/" "/wiki/Dev/Automatic_Updates/";
"/wiki/dev/bash/" "/wiki/Dev/bash/";
"/wiki/dev/boot/" "/wiki/Dev/boot/";
"/wiki/dev/bootstrappable_builds/" "/wiki/Dev/bootstrappable_builds/";
"/wiki/dev/bounty/" "/wiki/Dev/bounty/";
"/wiki/dev/browser-choice/" "/wiki/Dev/browser-choice/";
"/wiki/dev/build_documentation/" "/wiki/Dev/Build_Documentation/";
"/wiki/dev/build_documentation/derivative-update/" "/wiki/Dev/Build_Documentation/derivative-update/";
"/wiki/dev/build_documentation/generic-package/" "/wiki/Dev/Build_Documentation/generic-package/";
"/wiki/dev/build_documentation/generic-package/easy/" "/wiki/Dev/Build_Documentation/generic-package/easy/";
"/wiki/dev/build_documentation/images/" "/wiki/Dev/Build_Documentation/images/";
"/wiki/dev/build_documentation/monero-gui/" "/wiki/Dev/Build_Documentation/monero-gui/";
"/wiki/dev/build_documentation/monero-gui/easy/" "/wiki/Dev/Build_Documentation/monero-gui/easy/";
"/wiki/dev/build_documentation/security-misc/" "/wiki/Dev/Build_Documentation/security-misc/";
"/wiki/dev/build_documentation/security-misc/easy/" "/wiki/Dev/Build_Documentation/security-misc/easy/";
"/wiki/dev/build_documentation/upgrading_derivative_deb_packages_from_source_code/" "/wiki/Dev/Build_Documentation/Upgrading_Derivative_Deb_Packages_from_Source_Code/";
"/wiki/dev/certification/" "/wiki/Dev/certification/";
"/wiki/dev/chromium/" "/wiki/Dev/Chromium/";
"/wiki/dev/coding_style/" "/wiki/Dev/coding_style/";
"/wiki/dev/compiler_hardening/" "/wiki/Dev/compiler_hardening/";
"/wiki/dev/confidential_computing/" "/wiki/Dev/confidential_computing/";
"/wiki/dev/cryptography/" "/wiki/Dev/cryptography/";
"/wiki/dev/css/" "/wiki/Dev/CSS/";
"/wiki/dev/curl_bash_pipe/" "/wiki/Dev/curl_bash_pipe/";
"/wiki/dev/debian/" "/wiki/Dev/Debian/";
"/wiki/dev/default_application_policy/" "/wiki/Dev/Default_Application_Policy/";
"/wiki/dev/default_browser/" "/wiki/Dev/Default_Browser/";
"/wiki/dev/derivative-maker/" "/wiki/Dev/Derivative-Maker/";
"/wiki/dev/developer_portal/" "/wiki/Dev/Developer_Portal/";
"/wiki/dev/discourse/" "/wiki/Dev/discourse/";
"/wiki/dev/documentation_guidelines/" "/wiki/Dev/Documentation_Guidelines/";
"/wiki/dev/documentation_markup_format_converters/" "/wiki/Dev/Documentation_Markup_Format_Converters/";
"/wiki/dev/donate/" "/wiki/Dev/Donate/";
"/wiki/dev/entropy/" "/wiki/Dev/Entropy/";
"/wiki/dev/expected_build_warnings/" "/wiki/Dev/Expected_Build_Warnings/";
"/wiki/dev/filesystem/" "/wiki/Dev/filesystem/";
"/wiki/dev/firejail/" "/wiki/Dev/Firejail/";
"/wiki/dev/firewall_refactoring/" "/wiki/Dev/Firewall_Refactoring/";
"/wiki/dev/firewall_unload/" "/wiki/Dev/Firewall_Unload/";
"/wiki/dev/flatpak/" "/wiki/Dev/flatpak/";
"/wiki/dev/git/" "/wiki/Dev/git/";
"/wiki/dev/gnome/" "/wiki/Dev/GNOME/";
"/wiki/dev/grsecurity/" "/wiki/Dev/grsecurity/";
"/wiki/dev/image_creation/" "/wiki/Dev/image_creation/";
"/wiki/dev/image_formats/" "/wiki/Dev/image_formats/";
"/wiki/dev/imageresize/" "/wiki/Dev/ImageResize/";
"/wiki/dev/immutable/" "/wiki/Dev/immutable/";
"/wiki/dev/kde/" "/wiki/Dev/KDE/";
"/wiki/dev/ledger_hardware_wallet/" "/wiki/Dev/Ledger_Hardware_Wallet/";
"/wiki/dev/licensing/" "/wiki/Dev/Licensing/";
"/wiki/dev/linux_installer/" "/wiki/Dev/Linux_Installer/";
"/wiki/dev/logo/" "/wiki/Dev/Logo/";
"/wiki/dev/mac/" "/wiki/Dev/MAC/";
"/wiki/dev/maintainability/" "/wiki/Dev/maintainability/";
"/wiki/dev/maintenance/" "/wiki/Dev/Maintenance/";
"/wiki/dev/mediawiki/" "/wiki/Dev/mediawiki/";
"/wiki/dev/mediawiki/archive/" "/wiki/Dev/mediawiki/Archive/";
"/wiki/dev/metapackages/" "/wiki/Dev/Metapackages/";
"/wiki/dev/minimal_images/" "/wiki/Dev/minimal_images/";
"/wiki/dev/nonfree/" "/wiki/Dev/nonfree/";
"/wiki/dev/notepad/" "/wiki/Dev/notepad/";
"/wiki/dev/open_source_business_models/" "/wiki/Dev/Open_Source_Business_Models/";
"/wiki/dev/openpgp_signed_website/" "/wiki/Dev/OpenPGP_Signed_Website/";
"/wiki/dev/opensuse/" "/wiki/Dev/openSUSE/";
"/wiki/dev/operating_system/" "/wiki/Dev/Operating_System/";
"/wiki/dev/page_homepage/" "/wiki/Dev/Page_Homepage/";
"/wiki/dev/password_manager/" "/wiki/Dev/Password_Manager/";
"/wiki/dev/permanent_takedown_attack_defender/" "/wiki/Dev/Permanent_Takedown_Attack_Defender/";
"/wiki/dev/porting/" "/wiki/Dev/Porting/";
"/wiki/dev/project-news/" "/wiki/Dev/project-news/";
"/wiki/dev/qubes/" "/wiki/Dev/Qubes/";
"/wiki/dev/ram_wipe/" "/wiki/Dev/RAM_Wipe/";
"/wiki/dev/ram_wipe_old_notes/" "/wiki/Dev/RAM_Wipe_Old_Notes/";
"/wiki/dev/redistribution/" "/wiki/Dev/Redistribution/";
"/wiki/dev/relationship_with_upstream/" "/wiki/Dev/Relationship_With_Upstream/";
"/wiki/dev/remount-secure/" "/wiki/Dev/remount-secure/";
"/wiki/dev/repository/" "/wiki/Dev/repository/";
"/wiki/dev/research/" "/wiki/Dev/research/";
"/wiki/dev/reviewer/" "/wiki/Dev/reviewer/";
"/wiki/dev/sdwdate/" "/wiki/Dev/sdwdate/";
"/wiki/dev/secure_boot/" "/wiki/Dev/Secure_Boot/";
"/wiki/dev/secureblue/" "/wiki/Dev/secureblue/";
"/wiki/dev/self_documenting/" "/wiki/Dev/Self_Documenting/";
"/wiki/dev/source_code_intro/" "/wiki/Dev/Source_Code_Intro/";
"/wiki/dev/special_keys/" "/wiki/Dev/Special_Keys/";
"/wiki/dev/split_gpg/" "/wiki/Dev/Split_GPG/";
"/wiki/dev/ssl_certificate_pinning/" "/wiki/Dev/SSL_Certificate_Pinning/";
"/wiki/dev/stable_vs_rolling_distributions/" "/wiki/Dev/Stable_vs_Rolling_Distributions/";
"/wiki/dev/stateless/" "/wiki/Dev/Stateless/";
"/wiki/dev/stig/" "/wiki/Dev/STIG/";
"/wiki/dev/strong_linux_user_account_isolation/" "/wiki/Dev/Strong_Linux_User_Account_Isolation/";
"/wiki/dev/sudo/" "/wiki/Dev/sudo/";
"/wiki/dev/systemcheck/" "/wiki/Dev/systemcheck/";
"/wiki/dev/systemd-resolved/" "/wiki/Dev/systemd-resolved/";
"/wiki/dev/testplan/" "/wiki/Dev/testplan/";
"/wiki/dev/timesync/" "/wiki/Dev/TimeSync/";
"/wiki/dev/todo/" "/wiki/Dev/todo/";
"/wiki/dev/todo/archived/" "/wiki/Dev/todo/archived/";
"/wiki/dev/tor/" "/wiki/Dev/Tor/";
"/wiki/dev/user-sysmaint-split/" "/wiki/Dev/user-sysmaint-split/";
"/wiki/dev/versioning_format_conventions/" "/wiki/Dev/Versioning_Format_Conventions/";
"/wiki/dev/videos/" "/wiki/Dev/videos/";
"/wiki/dev/virtualbox/" "/wiki/Dev/VirtualBox/";
"/wiki/dev/virusforget/" "/wiki/Dev/VirusForget/";
"/wiki/dev/warrant_canary_draft/" "/wiki/Dev/Warrant_Canary_Draft/";
"/wiki/dev/website/" "/wiki/Dev/website/";
"/wiki/dev/wiki/" "/wiki/Dev/wiki/";
"/wiki/dev/wiki_todo/" "/wiki/Dev/wiki_todo/";
"/wiki/dev/wikitest2/" "/wiki/Dev/wikitest2/";
"/wiki/dev/windows_installer/" "/wiki/Dev/Windows_Installer/";
"/wiki/dev/windows_starter/" "/wiki/Dev/Windows_Starter/";
"/wiki/dev/yubikey/" "/wiki/Dev/yubikey/";
"/wiki/developer_courses/" "/wiki/Developer_Courses/";
"/wiki/development_discussion_policy/" "/wiki/Development_Discussion_Policy/";
"/wiki/digital_signature_policy/" "/wiki/Digital_Signature_Policy/";
"/wiki/disable_tcp_and_icmp_timestamps/" "/wiki/Disable_TCP_and_ICMP_Timestamps/";
"/wiki/disaster_recovery/" "/wiki/Disaster_Recovery/";
"/wiki/distribution_morphing/" "/wiki/Distribution_Morphing/";
"/wiki/dns/" "/wiki/DNS/";
"/wiki/dns_security/" "/wiki/DNS_Security/";
"/wiki/documentation/" "/wiki/Documentation/";
"/wiki/donate/" "/wiki/Donate/";
"/wiki/donate/affiliate_link/" "/wiki/Donate/Affiliate_Link/";
"/wiki/donate/aud/" "/wiki/Donate/AUD/";
"/wiki/donate/bank_wire/" "/wiki/Donate/Bank_Wire/";
"/wiki/donate/bitcoin/" "/wiki/Donate/Bitcoin/";
"/wiki/donate/credit_card/" "/wiki/Donate/Credit_Card/";
"/wiki/donate/crypto/" "/wiki/Donate/Crypto/";
"/wiki/donate/ethereum/" "/wiki/Donate/Ethereum/";
"/wiki/donate/eur/" "/wiki/Donate/EUR/";
"/wiki/donate/gbp/" "/wiki/Donate/GBP/";
"/wiki/donate/monero/" "/wiki/Donate/Monero/";
"/wiki/donate/paypal/" "/wiki/Donate/PayPal/";
"/wiki/donate/tax-deductible/" "/wiki/Donate/Tax-Deductible/";
"/wiki/donate/tronix/" "/wiki/Donate/Tronix/";
"/wiki/donate/usd/" "/wiki/Donate/USD/";
"/wiki/donation_systray/" "/wiki/Donation_systray/";
"/wiki/donors/" "/wiki/Donors/";
"/wiki/download/" "/wiki/Download/";
"/wiki/download_issues/" "/wiki/Download_Issues/";
"/wiki/download_security/" "/wiki/Download_Security/";
"/wiki/dracut/" "/wiki/Dracut/";
"/wiki/e-mail/" "/wiki/E-Mail/";
"/wiki/e-sign_consent/" "/wiki/E-Sign_Consent/";
"/wiki/edge/" "/wiki/Edge/";
"/wiki/electrum/" "/wiki/Electrum/";
"/wiki/electrum/manual_installation/" "/wiki/Electrum/Manual_Installation/";
"/wiki/electrumx/" "/wiki/ElectrumX/";
"/wiki/emerg-shutdown/" "/wiki/Emerg-shutdown/";
"/wiki/encrypted_email_with_thunderbird/" "/wiki/Encrypted_Email_with_Thunderbird/";
"/wiki/encrypted_images/" "/wiki/Encrypted_Images/";
"/wiki/enterprise_security/" "/wiki/Enterprise_Security/";
"/wiki/essential_host_security/" "/wiki/Essential_Host_Security/";
"/wiki/ethereum/" "/wiki/Ethereum/";
"/wiki/expkeysig/" "/wiki/EXPKEYSIG/";
"/wiki/factory_reset/" "/wiki/Factory_Reset/";
"/wiki/faq/" "/wiki/FAQ/";
"/wiki/file_indexing/" "/wiki/File_indexing/";
"/wiki/file_sharing/" "/wiki/File_Sharing/";
"/wiki/file_transfer/" "/wiki/File_Transfer/";
"/wiki/fingerprint/" "/wiki/Fingerprint/";
"/wiki/firefox/" "/wiki/Firefox/";
"/wiki/firmware_security_and_updates/" "/wiki/Firmware_Security_and_Updates/";
"/wiki/first_time_documentation_contributor_policy/" "/wiki/First_Time_Documentation_Contributor_Policy/";
"/wiki/first_time_source_code_contributor_policy/" "/wiki/First_Time_Source_Code_Contributor_Policy/";
"/wiki/forcing_.onion_on_project/" "/wiki/Forcing_.onion_on_Project/";
"/wiki/forum_best_practices/" "/wiki/Forum_Best_Practices/";
"/wiki/freenet/" "/wiki/Freenet/";
"/wiki/full_disk_encryption/" "/wiki/Full_Disk_Encryption/";
"/wiki/gemini/" "/wiki/Gemini/";
"/wiki/git/" "/wiki/Git/";
"/wiki/gnunet/" "/wiki/GNUnet/";
"/wiki/google_chrome_repository_insecurity/" "/wiki/Google_Chrome_Repository_Insecurity/";
"/wiki/grow_virtual_harddisk/" "/wiki/Grow_Virtual_Harddisk/";
"/wiki/grub-live/" "/wiki/Grub-live/";
"/wiki/grub/" "/wiki/Grub/";
"/wiki/hardened-kernel/" "/wiki/Hardened-kernel/";
"/wiki/hardened_malloc/" "/wiki/Hardened_Malloc/";
"/wiki/hardened_malloc/manual_installation/" "/wiki/Hardened_Malloc/Manual_Installation/";
"/wiki/hardened_malloc_light/" "/wiki/Hardened_Malloc_Light/";
"/wiki/hardware_support/" "/wiki/Hardware_support/";
"/wiki/hardware_threat_minimization/" "/wiki/Hardware_Threat_Minimization/";
"/wiki/hardware_wallet_security/" "/wiki/Hardware_Wallet_Security/";
"/wiki/hexchat/" "/wiki/HexChat/";
"/wiki/history/" "/wiki/History/";
"/wiki/host_firewall/" "/wiki/Host_Firewall/";
"/wiki/host_operating_system_selection/" "/wiki/Host_Operating_System_Selection/";
"/wiki/hosting_a_mirror/" "/wiki/Hosting_a_Mirror/";
"/wiki/i2p/" "/wiki/I2P/";
"/wiki/immutable/" "/wiki/Immutable/";
"/wiki/imprint/" "/wiki/Imprint/";
"/wiki/install_software/" "/wiki/Install_Software/";
"/wiki/installation_of_debian_based_linux_distributions_in_a_folder_chroot/" "/wiki/Installation_of_Debian_based_Linux_distributions_in_a_folder_chroot/";
"/wiki/intel_amd64/" "/wiki/Intel_AMD64/";
"/wiki/interactive_brokers/" "/wiki/Interactive_brokers/";
"/wiki/introduction/" "/wiki/Introduction/";
"/wiki/investors/" "/wiki/Investors/";
"/wiki/ios/" "/wiki/IOS/";
"/wiki/iso/" "/wiki/ISO/";
"/wiki/iso_live_mode/" "/wiki/ISO_Live_Mode/";
"/wiki/keepassxc/" "/wiki/Keepassxc/";
"/wiki/kernel/" "/wiki/Kernel/";
"/wiki/kernel_module/" "/wiki/Kernel_module/";
"/wiki/keyboard_layout/" "/wiki/Keyboard_Layout/";
"/wiki/kicksecure-qubes_security/" "/wiki/Kicksecure-Qubes_Security/";
"/wiki/kicksecurebackupscript/" "/wiki/KicksecureBackupScript/";
"/wiki/known_issues/" "/wiki/Known_Issues/";
"/wiki/kvm/" "/wiki/KVM/";
"/wiki/kvm/support/" "/wiki/KVM/Support/";
"/wiki/language/" "/wiki/Language/";
"/wiki/ledger_hardware_wallet/" "/wiki/Ledger_Hardware_Wallet/";
"/wiki/ledger_live_installation_with_verification/" "/wiki/Ledger_Live_Installation_with_Verification/";
"/wiki/limitations_on_free_speech_on_website_and_chat/" "/wiki/Limitations_on_Free_Speech_on_Website_and_Chat/";
"/wiki/linux/" "/wiki/Linux/";
"/wiki/linux_kernel_runtime_guard_lkrg/" "/wiki/Linux_Kernel_Runtime_Guard_LKRG/";
"/wiki/linux_kernel_runtime_guard_lkrg/build_debian_package_from_source_code/" "/wiki/Linux_Kernel_Runtime_Guard_LKRG/Build_Debian_Package_from_Source_Code/";
"/wiki/linux_kernel_runtime_guard_lkrg/build_debian_package_from_source_code/easy/" "/wiki/Linux_Kernel_Runtime_Guard_LKRG/Build_Debian_Package_from_Source_Code/Easy/";
"/wiki/linux_kernel_runtime_guard_lkrg/qubes/" "/wiki/Linux_Kernel_Runtime_Guard_LKRG/Qubes/";
"/wiki/linux_user_experience_versus_commercial_operating_systems/" "/wiki/Linux_User_Experience_versus_Commercial_Operating_Systems/";
"/wiki/live_mode/" "/wiki/Live_Mode/";
"/wiki/login/" "/wiki/Login/";
"/wiki/login_spoofing/" "/wiki/Login_spoofing/";
"/wiki/mac_address/" "/wiki/MAC_Address/";
"/wiki/macos/" "/wiki/MacOS/";
"/wiki/macos_hosts/" "/wiki/MacOS_Hosts/";
"/wiki/main/project_signing_key/" "/wiki/Main/Project_Signing_Key/";
"/wiki/malware_and_firmware_trojans/" "/wiki/Malware_and_Firmware_Trojans/";
"/wiki/maximum_security/" "/wiki/Maximum_Security/";
"/wiki/measured_boot/" "/wiki/Measured_boot/";
"/wiki/mental_model/" "/wiki/Mental_Model/";
"/wiki/methodology/" "/wiki/Methodology/";
"/wiki/miscellaneous_threats_to_user_freedom/" "/wiki/Miscellaneous_Threats_to_User_Freedom/";
"/wiki/mobile_operating_system_comparison/" "/wiki/Mobile_Operating_System_Comparison/";
"/wiki/mobile_phone_security/" "/wiki/Mobile_Phone_Security/";
"/wiki/monero/" "/wiki/Monero/";
"/wiki/money/" "/wiki/Money/";
"/wiki/mouse/" "/wiki/Mouse/";
"/wiki/mullvad_browser/" "/wiki/Mullvad_Browser/";
"/wiki/multiple_kicksecure/" "/wiki/Multiple_Kicksecure/";
"/wiki/multiple_whonix-workstation/" "/wiki/Multiple_Whonix-Workstation/";
"/wiki/nat_traversal/" "/wiki/NAT_traversal/";
"/wiki/nested_virtualization/" "/wiki/Nested_Virtualization/";
"/wiki/network_obstacle/" "/wiki/Network_Obstacle/";
"/wiki/network_time_synchronization/" "/wiki/Network_Time_Synchronization/";
"/wiki/networking/" "/wiki/Networking/";
"/wiki/nginx/" "/wiki/Nginx/";
"/wiki/noexec/" "/wiki/Noexec/";
"/wiki/non-qubes-kicksecure/" "/wiki/Non-Qubes-Kicksecure/";
"/wiki/non_anonymous_onion_encryption_and_nat_traversal/" "/wiki/Non_Anonymous_Onion_Encryption_and_NAT_Traversal/";
"/wiki/nvidia/" "/wiki/Nvidia/";
"/wiki/official_online_profiles/" "/wiki/Official_Online_Profiles/";
"/wiki/offline_documentation/" "/wiki/Offline_Documentation/";
"/wiki/offline_mode/" "/wiki/Offline_Mode/";
"/wiki/one_time_pad/" "/wiki/One_Time_Pad/";
"/wiki/onion_reachability/" "/wiki/Onion_reachability/";
"/wiki/onion_services/" "/wiki/Onion_Services/";
"/wiki/onionizing_repositories/" "/wiki/Onionizing_Repositories/";
"/wiki/open_source_hardware/" "/wiki/Open_Source_Hardware/";
"/wiki/openpgp/" "/wiki/OpenPGP/";
"/wiki/openpgp_certified/" "/wiki/OpenPGP_Certified/";
"/wiki/operating_system/" "/wiki/Operating_System/";
"/wiki/operating_system_hardening/" "/wiki/Operating_System_Hardening/";
"/wiki/operating_system_software_and_updates/" "/wiki/Operating_System_Software_and_Updates/";
"/wiki/orca/" "/wiki/Orca/";
"/wiki/other_desktop_environments/" "/wiki/Other_Desktop_Environments/";
"/wiki/other_operating_systems/" "/wiki/Other_Operating_Systems/";
"/wiki/out-of-band_management_technology/" "/wiki/Out-of-band_Management_Technology/";
"/wiki/owncloud/" "/wiki/Owncloud/";
"/wiki/packages_for_debian_hosts/" "/wiki/Packages_for_Debian_Hosts/";
"/wiki/panic-on-oops/" "/wiki/Panic-on-oops/";
"/wiki/passwords/" "/wiki/Passwords/";
"/wiki/patrick_schleizer/" "/wiki/Patrick_Schleizer/";
"/wiki/perfect_security/" "/wiki/Perfect_Security/";
"/wiki/performancetests/" "/wiki/PerformanceTests/";
"/wiki/persistent_mode/" "/wiki/Persistent_Mode/";
"/wiki/physical_isolation/" "/wiki/Physical_Isolation/";
"/wiki/please_use_search_engines_and_see_documentation_first/" "/wiki/Please_Use_Search_Engines_And_See_Documentation_First/";
"/wiki/plus_support/" "/wiki/Plus_Support/";
"/wiki/point_release/" "/wiki/Point_Release/";
"/wiki/policy_of_website_and_chat/" "/wiki/Policy_of_Website_and_Chat/";
"/wiki/policy_on_artificial_intelligence/" "/wiki/Policy_On_Artificial_Intelligence/";
"/wiki/policy_on_nonfreedom_software/" "/wiki/Policy_On_Nonfreedom_Software/";
"/wiki/polkit/" "/wiki/Polkit/";
"/wiki/ports/" "/wiki/Ports/";
"/wiki/post_install_advice/" "/wiki/Post_Install_Advice/";
"/wiki/ppc64/" "/wiki/PPC64/";
"/wiki/pqcrypto/" "/wiki/PQCrypto/";
"/wiki/practical_security/" "/wiki/Practical_Security/";
"/wiki/pre-release/" "/wiki/Pre-release/";
"/wiki/premium_support/" "/wiki/Premium_Support/";
"/wiki/printing_and_scanning/" "/wiki/Printing_and_Scanning/";
"/wiki/privacy/" "/wiki/Privacy/";
"/wiki/privacy_policy/" "/wiki/Privacy_Policy/";
"/wiki/privacy_policy_technical_details/" "/wiki/Privacy_Policy_Technical_Details/";
"/wiki/privleap/" "/wiki/Privleap/";
"/wiki/progress_reports/" "/wiki/Progress_Reports/";
"/wiki/progress_reports_1/" "/wiki/Progress_Reports_1/";
"/wiki/progress_reports_2/" "/wiki/Progress_Reports_2/";
"/wiki/project-apt-repository/" "/wiki/Project-APT-Repository/";
"/wiki/project_policies/" "/wiki/Project_Policies/";
"/wiki/protection_against_physical_attacks/" "/wiki/Protection_Against_Physical_Attacks/";
"/wiki/ptrace_scope/" "/wiki/Ptrace_scope/";
"/wiki/qemu/" "/wiki/QEMU/";
"/wiki/qubes/" "/wiki/Qubes/";
"/wiki/qubes/disposables/" "/wiki/Qubes/Disposables/";
"/wiki/ram-wipe/" "/wiki/Ram-wipe/";
"/wiki/ram/" "/wiki/RAM/";
"/wiki/ram_adjusted_desktop_starter/" "/wiki/RAM_Adjusted_Desktop_Starter/";
"/wiki/raspberry_pi/" "/wiki/Raspberry_Pi/";
"/wiki/raw_disk_backup/" "/wiki/Raw_Disk_Backup/";
"/wiki/read-only/" "/wiki/Read-only/";
"/wiki/reasonable_security/" "/wiki/Reasonable_Security/";
"/wiki/reasons_for_freedom_software/" "/wiki/Reasons_for_Freedom_Software/";
"/wiki/recovery/" "/wiki/Recovery/";
"/wiki/release_upgrade/" "/wiki/Release_Upgrade/";
"/wiki/release_upgrade_16_to_17/" "/wiki/Release_Upgrade_16_to_17/";
"/wiki/release_upgrade_17_to_18/" "/wiki/Release_Upgrade_17_to_18/";
"/wiki/remote_administration/" "/wiki/Remote_Administration/";
"/wiki/reporting_bugs/" "/wiki/Reporting_Bugs/";
"/wiki/riscv64/" "/wiki/RISCV64/";
"/wiki/root/" "/wiki/Root/";
"/wiki/router_and_local_area_network_security/" "/wiki/Router_and_Local_Area_Network_Security/";
"/wiki/screenshots/" "/wiki/Screenshots/";
"/wiki/sdwdate-gui/" "/wiki/Sdwdate-gui/";
"/wiki/sdwdate/" "/wiki/Sdwdate/";
"/wiki/search_engines/" "/wiki/Search_Engines/";
"/wiki/seccomp/" "/wiki/Seccomp/";
"/wiki/secure_boot/" "/wiki/Secure_Boot/";
"/wiki/secure_downloads/" "/wiki/Secure_Downloads/";
"/wiki/security-misc/" "/wiki/Security-misc/";
"/wiki/security_reviews_and_feedback/" "/wiki/Security_Reviews_and_Feedback/";
"/wiki/security_roadmap/" "/wiki/Security_Roadmap/";
"/wiki/self_support_first_policy/" "/wiki/Self_Support_First_Policy/";
"/wiki/sequoia-pgp/" "/wiki/Sequoia-PGP/";
"/wiki/server_security_guide/" "/wiki/Server_Security_Guide/";
"/wiki/session/" "/wiki/Session/";
"/wiki/shared_folder/" "/wiki/Shared_Folder/";
"/wiki/shell/" "/wiki/Shell/";
"/wiki/shell_scripting/" "/wiki/Shell_scripting/";
"/wiki/shrink_virtual_harddisk/" "/wiki/Shrink_Virtual_Harddisk/";
"/wiki/signal/" "/wiki/Signal/";
"/wiki/signify/" "/wiki/Signify/";
"/wiki/signing_key/" "/wiki/Signing_Key/";
"/wiki/social_engineering/" "/wiki/Social_Engineering/";
"/wiki/socks_firewalling/" "/wiki/Socks_firewalling/";
"/wiki/software/" "/wiki/Software/";
"/wiki/software_signature_verification_usability_issues_and_proposed_solutions/" "/wiki/Software_Signature_Verification_Usability_Issues_and_Proposed_Solutions/";
"/wiki/source/" "/wiki/Source/";
"/wiki/sovereign_boot/" "/wiki/Sovereign_Boot/";
"/wiki/sparse_files/" "/wiki/Sparse_files/";
"/wiki/spectre_meltdown/" "/wiki/Spectre_Meltdown/";
"/wiki/ssh/" "/wiki/SSH/";
"/wiki/ssl/" "/wiki/SSL/";
"/wiki/stable_version_user_experience/" "/wiki/Stable_Version_User_Experience/";
"/wiki/stay_tuned/" "/wiki/Stay_Tuned/";
"/wiki/stdisplay/" "/wiki/Stdisplay/";
"/wiki/suid_disabler_and_permission_hardener/" "/wiki/SUID_Disabler_and_Permission_Hardener/";
"/wiki/support/" "/wiki/Support/";
"/wiki/swap-file-creator/" "/wiki/Swap-file-creator/";
"/wiki/sysmaint/" "/wiki/Sysmaint/";
"/wiki/sysrq/" "/wiki/SysRq/";
"/wiki/system_audit/" "/wiki/System_Audit/";
"/wiki/system_configuration_and_access/" "/wiki/System_Configuration_and_Access/";
"/wiki/system_hardening_checklist/" "/wiki/System_Hardening_Checklist/";
"/wiki/system_identity_camouflage/" "/wiki/System_identity_camouflage/";
"/wiki/system_maintenance_panel/" "/wiki/System_Maintenance_Panel/";
"/wiki/system_requirements/" "/wiki/System_Requirements/";
"/wiki/systemcheck/" "/wiki/Systemcheck/";
"/wiki/systemcheck_hardening/" "/wiki/Systemcheck_Hardening/";
"/wiki/systemd/" "/wiki/Systemd/";
"/wiki/teacher/" "/wiki/Teacher/";
"/wiki/technical_introduction/" "/wiki/Technical_Introduction/";
"/wiki/terms_of_service/" "/wiki/Terms_of_Service/";
"/wiki/test/" "/wiki/Test/";
"/wiki/testing/" "/wiki/Testing/";
"/wiki/testpage-no-header-no-footer/" "/wiki/Testpage-no-header-no-footer/";
"/wiki/testpage1/" "/wiki/Testpage1/";
"/wiki/testpage11/" "/wiki/Testpage11/";
"/wiki/testpage13/" "/wiki/Testpage13/";
"/wiki/testpage2/" "/wiki/Testpage2/";
"/wiki/testpage_donors/" "/wiki/Testpage_Donors/";
"/wiki/testpage_simple/" "/wiki/Testpage_Simple/";
"/wiki/testpageforflyinnotification/" "/wiki/TestpageForFlyInNotification/";
"/wiki/third_party_images/" "/wiki/Third_Party_Images/";
"/wiki/threat_modeling/" "/wiki/Threat_Modeling/";
"/wiki/thumbnails/" "/wiki/Thumbnails/";
"/wiki/time_attacks/" "/wiki/Time_Attacks/";
"/wiki/timesync/" "/wiki/TimeSync/";
"/wiki/timezone/" "/wiki/Timezone/";
"/wiki/tirdad/" "/wiki/Tirdad/";
"/wiki/too_difficult/" "/wiki/Too_Difficult/";
"/wiki/tor/" "/wiki/Tor/";
"/wiki/tor_browser/" "/wiki/Tor_Browser/";
"/wiki/tor_browser/manual_download/" "/wiki/Tor_Browser/Manual_Download/";
"/wiki/tor_controller/" "/wiki/Tor_Controller/";
"/wiki/tor_entry_guards/" "/wiki/Tor_Entry_Guards/";
"/wiki/tor_versioning/" "/wiki/Tor_Versioning/";
"/wiki/torproject_onion/" "/wiki/Torproject_onion/";
"/wiki/torrent/" "/wiki/Torrent/";
"/wiki/trademark_policy/" "/wiki/Trademark_Policy/";
"/wiki/transparency/" "/wiki/Transparency/";
"/wiki/trezor_hardware_wallet/" "/wiki/Trezor_Hardware_Wallet/";
"/wiki/troubleshooting/" "/wiki/Troubleshooting/";
"/wiki/trust/" "/wiki/Trust/";
"/wiki/tuning/" "/wiki/Tuning/";
"/wiki/tunnel_udp_over_tor/" "/wiki/Tunnel_UDP_over_Tor/";
"/wiki/two-factor_authentication_2fa/" "/wiki/Two-factor_authentication_2FA/";
"/wiki/umask/" "/wiki/Umask/";
"/wiki/unicode-show/" "/wiki/Unicode-show/";
"/wiki/unicode/" "/wiki/Unicode/";
"/wiki/uninstall/" "/wiki/Uninstall/";
"/wiki/unrestricted_admin_mode/" "/wiki/Unrestricted_admin_mode/";
"/wiki/unspecific/" "/wiki/Unspecific/";
"/wiki/unsupported/" "/wiki/Unsupported/";
"/wiki/usb_installation/" "/wiki/USB_Installation/";
"/wiki/usbguard/" "/wiki/USBGuard/";
"/wiki/user/" "/wiki/User/";
"/wiki/user_namespace/" "/wiki/User_Namespace/";
"/wiki/user_support_expectations/" "/wiki/User_Support_Expectations/";
"/wiki/veracrypt/" "/wiki/VeraCrypt/";
"/wiki/verifiable_builds/" "/wiki/Verifiable_Builds/";
"/wiki/verified_boot/" "/wiki/Verified_Boot/";
"/wiki/verify_the_images/" "/wiki/Verify_the_images/";
"/wiki/verify_the_images_using_linux/" "/wiki/Verify_the_images_using_Linux/";
"/wiki/verify_the_images_using_macos/" "/wiki/Verify_the_images_using_macOS/";
"/wiki/verify_the_images_using_windows/" "/wiki/Verify_the_images_using_Windows/";
"/wiki/verifying_software_signatures/" "/wiki/Verifying_Software_Signatures/";
"/wiki/videos/" "/wiki/Videos/";
"/wiki/virtualbox/" "/wiki/VirtualBox/";
"/wiki/virtualbox/appliance_is_not_signed/" "/wiki/VirtualBox/Appliance_is_not_signed/";
"/wiki/virtualbox/green_turtle_issue/" "/wiki/VirtualBox/Green_Turtle_Issue/";
"/wiki/virtualbox/guest_additions/" "/wiki/VirtualBox/Guest_Additions/";
"/wiki/virtualbox/higher_screen_resolution_without_installing_virtualbox_guest_additions/" "/wiki/VirtualBox/Higher_Screen_Resolution_without_installing_VirtualBox_Guest_Additions/";
"/wiki/virtualbox/installer/" "/wiki/VirtualBox/Installer/";
"/wiki/virtualbox/manual_vm_import/" "/wiki/VirtualBox/Manual_VM_Import/";
"/wiki/virtualbox/other_versions/" "/wiki/VirtualBox/Other_Versions/";
"/wiki/virtualbox/recommended_version/" "/wiki/VirtualBox/Recommended_Version/";
"/wiki/virtualbox/troubleshooting/" "/wiki/VirtualBox/Troubleshooting/";
"/wiki/virtualization_platform_security/" "/wiki/Virtualization_Platform_Security/";
"/wiki/vm-app-manager/" "/wiki/Vm-app-manager/";
"/wiki/vm_live_mode/ro-mode-init/" "/wiki/VM_Live_Mode/ro-mode-init/";
"/wiki/vmware/" "/wiki/VMware/";
"/wiki/voip/" "/wiki/VoIP/";
"/wiki/vulnerability_disclosure_policy/" "/wiki/Vulnerability_Disclosure_Policy/";
"/wiki/warning/" "/wiki/Warning/";
"/wiki/waydroid/" "/wiki/Waydroid/";
"/wiki/website_tests/" "/wiki/Website_Tests/";
"/wiki/what_we_do/" "/wiki/What_we_do/";
"/wiki/whonix/" "/wiki/Whonix/";
"/wiki/wickr/" "/wiki/Wickr/";
"/wiki/wiki_comments_policy/" "/wiki/Wiki_Comments_Policy/";
"/wiki/wiki_editing_policy/" "/wiki/Wiki_Editing_Policy/";
"/wiki/wiki_enhancements/" "/wiki/Wiki_Enhancements/";
"/wiki/wiki_history/" "/wiki/Wiki_History/";
"/wiki/windows_hosts/" "/wiki/Windows_Hosts/";
"/wiki/wireguard/" "/wiki/Wireguard/";
"/wiki/write_protection/" "/wiki/Write_protection/";
"/wiki/yacy/" "/wiki/YaCy/";
