"/wiki/Account_and_Mobile_Security/" "/wiki/Mobile_Phone_Security/";
"/wiki/Advertisements/" "/wiki/Transparency/";
"/wiki/Ai/" "/wiki/Artificial_intelligence/";
"/wiki/Authorship/" "/wiki/Credits/";
"/wiki/Avoid_nonfree_software/" "/wiki/Avoid_nonfreedom_software/";
"/wiki/Backdoors/" "/wiki/Backdoor/";
"/wiki/Basic_Host_Security/" "/wiki/Essential_Host_Security/";
"/wiki/DMCA/" "/wiki/Terms_of_Service/#DMCA_Policy";
"/wiki/Design/x/" "/wiki/Dev/notepad/";
"/wiki/Dev/" "/wiki/Design/";
"/wiki/Dev/About_Computer_%28In%29Security/" "/wiki/Dev/About_Computer_Insecurity/";
"/wiki/Dev/Affiliate/" "/wiki/Transparency/";
"/wiki/Dev/Build_Documentation/VM/" "/wiki/Dev/Build_Documentation/images/";
"/wiki/Dev/OpenSUSE/" "/wiki/Dev/openSUSE/";
"/wiki/Dev/Wiki/" "/wiki/Dev/wiki/";
"/wiki/Dev/advertising/" "/wiki/Transparency/";
"/wiki/Dev/boot_modes/" "/wiki/Dev/user-sysmaint-split/";
"/wiki/Dev/derivative-maker/" "/wiki/Dev/Derivative-Maker/";
"/wiki/Dev/user-admin-split/" "/wiki/Dev/user-sysmaint-split/";
"/wiki/Disclaimer/" "/wiki/Terms_of_Service/";
"/wiki/Donate_by_Affiliate_Link/" "/wiki/Donate/Affiliate_Link/";
"/wiki/Features/" "/wiki/About/";
"/wiki/File:500.png/" "/wiki/File:%7B%7Bproject_name_long%7D%7D_old_logo.png/";
"/wiki/File:Kicksecure-image-hero-image.jpg/" "/wiki/File:Kicksecure-image-hero-image.jpeg/";
"/wiki/File:Qubes-Whonix-Gateway_TemplateVM_Qubes_VM_Manager_Settings.png/" "/wiki/File:Qubes-Whonix-Gateway_Template_Qubes_VM_Manager_Settings.png/";
"/wiki/First_Time_User/" "/wiki/About/";
"/wiki/Free_Support_Principle/" "/wiki/Self_Support_First_Policy/";
"/wiki/Freedom_Software/" "/wiki/Reasons_for_Freedom_Software/";
"/wiki/Hardened_Malloc_Kicksecure/" "/wiki/Hardened_Malloc_Light/";
"/wiki/Homepage/" "/";
"/wiki/Host_Browser/" "/wiki/Browser/";
"/wiki/Host_Firewall_Basics/" "/wiki/Host_Firewall/";
"/wiki/Host_Live_Mode/" "/wiki/Live_Mode/";
"/wiki/Impressum/" "/wiki/Imprint/";
"/wiki/KVM/Project_Signing_Key/" "/wiki/Main/Project_Signing_Key/";
"/wiki/KVM/Verify_the_virtual_machine_images_using_Linux/" "/wiki/Verify_the_images_using_Linux/";
"/wiki/KVM/Verify_the_virtual_machine_images_using_the_command_line/" "/wiki/Verify_the_images_using_Linux/";
"/wiki/KVM_Testers_Only_Version/" "/wiki/KVM/";
"/wiki/Kicksecure-Qubes/" "/wiki/Qubes/";
"/wiki/Kicksecure/" "/wiki/About/";
"/wiki/Kicksecure:Copyright/" "/wiki/Copyright/";
"/wiki/Kicksecure:Copyrights/" "/wiki/Copyright/";
"/wiki/Kicksecure_in_Qubes/" "/wiki/Qubes/";
"/wiki/LKRG/" "/wiki/Linux_Kernel_Runtime_Guard_LKRG/";
"/wiki/License_Agreement/" "/wiki/Copyright/";
"/wiki/Main_Page/" "/wiki/About/";
"/wiki/Malware/" "/wiki/Malware_and_Firmware_Trojans/";
"/wiki/Moved:Documentation_Markup_Format_Converters/" "https://www.kicksecure.com/wiki/Dev/Documentation_Markup_Format_Converters";
"/wiki/Old_Stable_and_Earlier_Releases/" "/wiki/Changelog/";
"/wiki/Open-source_Hardware/" "/wiki/Open_Source_Hardware/";
"/wiki/Payments/" "/wiki/Donate/";
"/wiki/Payments/AUD/" "/wiki/Donate/AUD/";
"/wiki/Payments/EUR/" "/wiki/Donate/EUR/";
"/wiki/Payments/GBP/" "/wiki/Donate/GBP/";
"/wiki/Payments/USD/" "/wiki/Donate/USD/";
"/wiki/Please_use_Search_Engines_and_see_Documentation_First/" "/wiki/Please_Use_Search_Engines_And_See_Documentation_First/";
"/wiki/Priority_Support/" "/wiki/Plus_Support/";
"/wiki/Professional_Support/" "/wiki/Premium_Support/";
"/wiki/Qubes/AppArmor/" "/wiki/AppArmor/";
"/wiki/Qubes/Install/" "/wiki/Qubes/";
"/wiki/Qubes/Uninstall/" "/wiki/Qubes/";
"/wiki/Rads/" "/wiki/RAM_Adjusted_Desktop_Starter/";
"/wiki/RaspberryPi/" "/wiki/Raspberry_Pi/";
"/wiki/Release_Notes/" "/wiki/About/";
"/wiki/Sandbox-app-launcher/" "/wiki/Vm-app-manager/";
"/wiki/Security_in_Real_World/" "/wiki/About/";
"/wiki/Serial_Console/" "/wiki/Recovery/#Serial_Console";
"/wiki/Sq/" "/wiki/Sequoia-PGP/";
"/wiki/Stable_Release/" "/wiki/Changelog/";
"/wiki/TLS/" "/wiki/SSL/";
"/wiki/Template:Linux_Installer_Download_Kicksecure/" "/wiki/Template:Linux_Installer_Preinstalled/";
"/wiki/Template:Non-qubes-project/" "/wiki/Template:Non-q-project/";
"/wiki/Template:Torify_apt-get_traffic/" "/wiki/Template:Torify_apt_traffic/";
"/wiki/Template:Verify_the_virtual_machine_images/" "/wiki/Template:Verify_the_images/";
"/wiki/Template:VirtualBox/" "/wiki/Template:VirtualBox_Based_Installation_Guide/";
"/wiki/Terms_of_Use/" "/wiki/Terms_of_Service/";
"/wiki/Testers_Release/" "/wiki/Changelog/";
"/wiki/Testpage4/" "/wiki/Testpage5/";
"/wiki/Undocumented/" "/wiki/Unsupported/";
"/wiki/Untested/" "/wiki/Unsupported/";
"/wiki/Update/" "/wiki/Operating_System_Software_and_Updates/";
"/wiki/Upgrade/" "/wiki/Operating_System_Software_and_Updates/";
"/wiki/VM_Live_Mode/" "/wiki/Live_Mode/";
"/wiki/VM_Live_Mode/Immutable_Disk_Method_on_VirtualBox/" "/wiki/Read-only/";
"/wiki/VM_Live_Mode/Read_Only_Mode_Hard_Drive/" "/wiki/Read-only/";
"/wiki/Verify_the_Kicksecure_images/" "/wiki/Verify_the_images/";
"/wiki/Verify_the_virtual_machine_images/" "/wiki/Verify_the_images/";
"/wiki/Verify_the_virtual_machine_images_using_Linux/" "/wiki/Verify_the_images_using_Linux/";
"/wiki/Verify_the_virtual_machine_images_using_Windows/" "/wiki/Verify_the_images_using_Windows/";
"/wiki/Verify_the_virtual_machine_images_using_macOS/" "/wiki/Verify_the_images_using_macOS/";
"/wiki/Verify_the_virtual_machine_images_using_other_operating_systems/" "/wiki/Signing_Key/";
"/wiki/Verify_the_virtual_machine_images_using_the_command_line/" "/wiki/Verify_the_images_using_Linux/";
"/wiki/VirtualBox/CLI/" "/wiki/VirtualBox/";
"/wiki/VirtualBox/Verify_the_virtual_machine_images_using_Linux/" "/wiki/Verify_the_images_using_Linux/";
"/wiki/VirtualBox/Verify_the_virtual_machine_images_using_the_command_line/" "/wiki/Verify_the_images_using_Linux/";
"/wiki/VirtualBox/XFCE/" "/wiki/VirtualBox/";
"/wiki/VirtualBox_Testers_Only_Version/" "/wiki/VirtualBox/";
"/wiki/VirtualBox_Testers_Only_Version/CLI/" "/wiki/VirtualBox/";
"/wiki/VirtualBox_Testers_Only_Version/XFCE/" "/wiki/VirtualBox/";
"/wiki/Vu/" "/wiki/Desktop/#Virtual_Consoles";
"/wiki/Windows/" "/wiki/VirtualBox/";
"/wiki/Windows_Quick_Start/" "/wiki/VirtualBox/";
